
Merging program properties

Removed property 0xc0000002 to merge /usr/bin/../lib/gcc/x86_64-redhat-linux/14/../../../../lib64/crt1.o (0x3) and BUILD/client.o (not found)
Removed property 0xc0010001 to merge /usr/bin/../lib/gcc/x86_64-redhat-linux/14/../../../../lib64/crt1.o (0x1) and BUILD/client.o (not found)
Removed property 0xc0010002 to merge /usr/bin/../lib/gcc/x86_64-redhat-linux/14/../../../../lib64/crt1.o (0x0) and BUILD/client.o (not found)
Removed property 0xc0000002 to merge /usr/bin/../lib/gcc/x86_64-redhat-linux/14/../../../../lib64/crt1.o (not found) and /usr/bin/../lib/gcc/x86_64-redhat-linux/14/crtend.o (0x3)
Removed property 0xc0010001 to merge /usr/bin/../lib/gcc/x86_64-redhat-linux/14/../../../../lib64/crt1.o (not found) and /usr/bin/../lib/gcc/x86_64-redhat-linux/14/crtend.o (0x1)
Removed property 0xc0010002 to merge /usr/bin/../lib/gcc/x86_64-redhat-linux/14/../../../../lib64/crt1.o (not found) and /usr/bin/../lib/gcc/x86_64-redhat-linux/14/crtend.o (0x0)
Removed property 0xc0000002 to merge /usr/bin/../lib/gcc/x86_64-redhat-linux/14/../../../../lib64/crt1.o (not found) and /usr/bin/../lib/gcc/x86_64-redhat-linux/14/../../../../lib64/crtn.o (0x3)
Removed property 0xc0010001 to merge /usr/bin/../lib/gcc/x86_64-redhat-linux/14/../../../../lib64/crt1.o (not found) and /usr/bin/../lib/gcc/x86_64-redhat-linux/14/../../../../lib64/crtn.o (0x1)
Removed property 0xc0010002 to merge /usr/bin/../lib/gcc/x86_64-redhat-linux/14/../../../../lib64/crt1.o (not found) and /usr/bin/../lib/gcc/x86_64-redhat-linux/14/../../../../lib64/crtn.o (0x0)

Discarded input sections

 .note.GNU-stack
                0x0000000000000000        0x0 /usr/bin/../lib/gcc/x86_64-redhat-linux/14/../../../../lib64/crt1.o
 .note.gnu.property
                0x0000000000000000       0x50 /usr/bin/../lib/gcc/x86_64-redhat-linux/14/../../../../lib64/crti.o
 .note.GNU-stack
                0x0000000000000000        0x0 /usr/bin/../lib/gcc/x86_64-redhat-linux/14/../../../../lib64/crti.o
 .note.GNU-stack
                0x0000000000000000        0x0 /usr/bin/../lib/gcc/x86_64-redhat-linux/14/crtbegin.o
 .note.gnu.property
                0x0000000000000000       0x50 /usr/bin/../lib/gcc/x86_64-redhat-linux/14/crtbegin.o
 .note.GNU-stack
                0x0000000000000000        0x0 BUILD/client.o
 .llvm_addrsig  0x0000000000000000        0x9 BUILD/client.o
 .note.GNU-stack
                0x0000000000000000        0x0 /usr/bin/../lib/gcc/x86_64-redhat-linux/14/crtend.o
 .note.gnu.property
                0x0000000000000000       0x50 /usr/bin/../lib/gcc/x86_64-redhat-linux/14/crtend.o
 .note.gnu.property
                0x0000000000000000       0x50 /usr/bin/../lib/gcc/x86_64-redhat-linux/14/../../../../lib64/crtn.o
 .note.GNU-stack
                0x0000000000000000        0x0 /usr/bin/../lib/gcc/x86_64-redhat-linux/14/../../../../lib64/crtn.o

Memory Configuration

Name             Origin             Length             Attributes
*default*        0x0000000000000000 0xffffffffffffffff

Linker script and memory map

LOAD /usr/bin/../lib/gcc/x86_64-redhat-linux/14/../../../../lib64/crt1.o
LOAD /usr/bin/../lib/gcc/x86_64-redhat-linux/14/../../../../lib64/crti.o
LOAD /usr/bin/../lib/gcc/x86_64-redhat-linux/14/crtbegin.o
LOAD BUILD/client.o
LOAD /usr/bin/../lib/gcc/x86_64-redhat-linux/14/libgcc.a
LOAD /usr/bin/../lib/gcc/x86_64-redhat-linux/14/libgcc_s.so
START GROUP
LOAD /lib64/libgcc_s.so.1
LOAD /usr/bin/../lib/gcc/x86_64-redhat-linux/14/libgcc.a
END GROUP
LOAD /usr/bin/../lib/gcc/x86_64-redhat-linux/14/../../../../lib64/libc.so
START GROUP
LOAD /lib64/libc.so.6
LOAD /usr/lib64/libc_nonshared.a
LOAD /lib64/ld-linux-x86-64.so.2
END GROUP
LOAD /usr/bin/../lib/gcc/x86_64-redhat-linux/14/libgcc.a
LOAD /usr/bin/../lib/gcc/x86_64-redhat-linux/14/libgcc_s.so
START GROUP
LOAD /lib64/libgcc_s.so.1
LOAD /usr/bin/../lib/gcc/x86_64-redhat-linux/14/libgcc.a
END GROUP
LOAD /usr/bin/../lib/gcc/x86_64-redhat-linux/14/crtend.o
LOAD /usr/bin/../lib/gcc/x86_64-redhat-linux/14/../../../../lib64/crtn.o
                [!provide]                        PROVIDE (__executable_start = SEGMENT_START ("text-segment", 0x400000))
                0x0000000000400318                . = (SEGMENT_START ("text-segment", 0x400000) + SIZEOF_HEADERS)

.interp         0x0000000000400318       0x1c
 *(.interp)
 .interp        0x0000000000400318       0x1c /usr/bin/../lib/gcc/x86_64-redhat-linux/14/../../../../lib64/crt1.o

.note.gnu.property
                0x0000000000400338       0x20
 .note.gnu.property
                0x0000000000400338       0x20 /usr/bin/../lib/gcc/x86_64-redhat-linux/14/../../../../lib64/crt1.o

.note.gnu.build-id
                0x0000000000400358       0x24
 *(.note.gnu.build-id)
 .note.gnu.build-id
                0x0000000000400358       0x24 /usr/bin/../lib/gcc/x86_64-redhat-linux/14/../../../../lib64/crt1.o

.note.ABI-tag   0x000000000040037c       0x20
 .note.ABI-tag  0x000000000040037c       0x20 /usr/bin/../lib/gcc/x86_64-redhat-linux/14/../../../../lib64/crt1.o

.hash
 *(.hash)

.gnu.hash       0x00000000004003a0       0x1c
 *(.gnu.hash)
 .gnu.hash      0x00000000004003a0       0x1c /usr/bin/../lib/gcc/x86_64-redhat-linux/14/../../../../lib64/crt1.o

.dynsym         0x00000000004003c0      0x138
 *(.dynsym)
 .dynsym        0x00000000004003c0      0x138 /usr/bin/../lib/gcc/x86_64-redhat-linux/14/../../../../lib64/crt1.o

.dynstr         0x00000000004004f8       0x8e
 *(.dynstr)
 .dynstr        0x00000000004004f8       0x8e /usr/bin/../lib/gcc/x86_64-redhat-linux/14/../../../../lib64/crt1.o

.gnu.version    0x0000000000400586       0x1a
 *(.gnu.version)
 .gnu.version   0x0000000000400586       0x1a /usr/bin/../lib/gcc/x86_64-redhat-linux/14/../../../../lib64/crt1.o

.gnu.version_d  0x00000000004005a0        0x0
 *(.gnu.version_d)
 .gnu.version_d
                0x00000000004005a0        0x0 /usr/bin/../lib/gcc/x86_64-redhat-linux/14/../../../../lib64/crt1.o

.gnu.version_r  0x00000000004005a0       0x30
 *(.gnu.version_r)
 .gnu.version_r
                0x00000000004005a0       0x30 /usr/bin/../lib/gcc/x86_64-redhat-linux/14/../../../../lib64/crt1.o

.rela.dyn       0x00000000004005d0       0x30
 *(.rela.init)
 *(.rela.text .rela.text.* .rela.gnu.linkonce.t.*)
 .rela.text     0x00000000004005d0        0x0 /usr/bin/../lib/gcc/x86_64-redhat-linux/14/../../../../lib64/crt1.o
 *(.rela.fini)
 *(.rela.rodata .rela.rodata.* .rela.gnu.linkonce.r.*)
 *(.rela.data .rela.data.* .rela.gnu.linkonce.d.*)
 .rela.data.rel.ro
                0x00000000004005d0        0x0 /usr/bin/../lib/gcc/x86_64-redhat-linux/14/../../../../lib64/crt1.o
 *(.rela.tdata .rela.tdata.* .rela.gnu.linkonce.td.*)
 *(.rela.tbss .rela.tbss.* .rela.gnu.linkonce.tb.*)
 *(.rela.ctors)
 *(.rela.dtors)
 *(.rela.got)
 .rela.got      0x00000000004005d0       0x30 /usr/bin/../lib/gcc/x86_64-redhat-linux/14/../../../../lib64/crt1.o
 *(.rela.bss .rela.bss.* .rela.gnu.linkonce.b.*)
 .rela.bss      0x0000000000400600        0x0 /usr/bin/../lib/gcc/x86_64-redhat-linux/14/../../../../lib64/crt1.o
 *(.rela.ldata .rela.ldata.* .rela.gnu.linkonce.l.*)
 *(.rela.lbss .rela.lbss.* .rela.gnu.linkonce.lb.*)
 *(.rela.lrodata .rela.lrodata.* .rela.gnu.linkonce.lr.*)
 *(.rela.ifunc)

.rela.plt       0x0000000000400600       0xf0
 *(.rela.plt)
 .rela.plt      0x0000000000400600       0xf0 /usr/bin/../lib/gcc/x86_64-redhat-linux/14/../../../../lib64/crt1.o
                [!provide]                        PROVIDE (__rela_iplt_start = .)
 *(.rela.iplt)
 .rela.iplt     0x00000000004006f0        0x0 /usr/bin/../lib/gcc/x86_64-redhat-linux/14/../../../../lib64/crt1.o
                [!provide]                        PROVIDE (__rela_iplt_end = .)

.relr.dyn
 *(.relr.dyn)
                0x0000000000401000                . = ALIGN (CONSTANT (MAXPAGESIZE))

.init           0x0000000000401000       0x1b
 *(SORT_NONE(.init))
 .init          0x0000000000401000       0x16 /usr/bin/../lib/gcc/x86_64-redhat-linux/14/../../../../lib64/crti.o
                0x0000000000401000                _init
 .init          0x0000000000401016        0x5 /usr/bin/../lib/gcc/x86_64-redhat-linux/14/../../../../lib64/crtn.o

.plt            0x0000000000401020       0xb0
 *(.plt)
 .plt           0x0000000000401020       0xb0 /usr/bin/../lib/gcc/x86_64-redhat-linux/14/../../../../lib64/crt1.o
                0x0000000000401030                htons@@GLIBC_2.2.5
                0x0000000000401040                printf@@GLIBC_2.2.5
                0x0000000000401050                __assert_fail@@GLIBC_2.2.5
                0x0000000000401060                memset@@GLIBC_2.2.5
                0x0000000000401070                close@@GLIBC_2.2.5
                0x0000000000401080                read@@GLIBC_2.2.5
                0x0000000000401090                inet_addr@@GLIBC_2.2.5
                0x00000000004010a0                atoi@@GLIBC_2.2.5
                0x00000000004010b0                connect@@GLIBC_2.2.5
                0x00000000004010c0                socket@@GLIBC_2.2.5
 *(.iplt)
 .iplt          0x00000000004010d0        0x0 /usr/bin/../lib/gcc/x86_64-redhat-linux/14/../../../../lib64/crt1.o

.plt.got        0x00000000004010d0        0x0
 *(.plt.got)
 .plt.got       0x00000000004010d0        0x0 /usr/bin/../lib/gcc/x86_64-redhat-linux/14/../../../../lib64/crt1.o

.plt.sec
 *(.plt.sec)

.text           0x00000000004010d0      0x3e1
 *(.text.unlikely .text.*_unlikely .text.unlikely.*)
 *(.text.exit .text.exit.*)
 *(.text.startup .text.startup.*)
 *(.text.hot .text.hot.*)
 *(SORT_BY_NAME(.text.sorted.*))
 *(.text .stub .text.* .gnu.linkonce.t.*)
 .text          0x00000000004010d0       0x35 /usr/bin/../lib/gcc/x86_64-redhat-linux/14/../../../../lib64/crt1.o
                0x00000000004010d0                _start
                0x0000000000401100                _dl_relocate_static_pie
 .text          0x0000000000401105        0x0 /usr/bin/../lib/gcc/x86_64-redhat-linux/14/../../../../lib64/crti.o
 *fill*         0x0000000000401105        0xb 
 .text          0x0000000000401110       0xa6 /usr/bin/../lib/gcc/x86_64-redhat-linux/14/crtbegin.o
 *fill*         0x00000000004011b6        0xa 
 .text          0x00000000004011c0      0x2f1 BUILD/client.o
                0x00000000004011c0                main
 .text          0x00000000004014b1        0x0 /usr/bin/../lib/gcc/x86_64-redhat-linux/14/crtend.o
 .text          0x00000000004014b1        0x0 /usr/bin/../lib/gcc/x86_64-redhat-linux/14/../../../../lib64/crtn.o
 *(.gnu.warning)

.fini           0x00000000004014b4        0xd
 *(SORT_NONE(.fini))
 .fini          0x00000000004014b4        0x8 /usr/bin/../lib/gcc/x86_64-redhat-linux/14/../../../../lib64/crti.o
                0x00000000004014b4                _fini
 .fini          0x00000000004014bc        0x5 /usr/bin/../lib/gcc/x86_64-redhat-linux/14/../../../../lib64/crtn.o
                [!provide]                        PROVIDE (__etext = .)
                [!provide]                        PROVIDE (_etext = .)
                [!provide]                        PROVIDE (etext = .)
                0x0000000000402000                . = ALIGN (CONSTANT (MAXPAGESIZE))
                0x0000000000402000                . = SEGMENT_START ("rodata-segment", (ALIGN (CONSTANT (MAXPAGESIZE)) + (. & (CONSTANT (MAXPAGESIZE) - 0x1))))

.rodata         0x0000000000402000       0xd9
 *(.rodata .rodata.* .gnu.linkonce.r.*)
 .rodata.cst4   0x0000000000402000        0x4 /usr/bin/../lib/gcc/x86_64-redhat-linux/14/../../../../lib64/crt1.o
                0x0000000000402000                _IO_stdin_used
 *fill*         0x0000000000402004        0x4 
 .rodata        0x0000000000402008        0x8 /usr/bin/../lib/gcc/x86_64-redhat-linux/14/crtbegin.o
                0x0000000000402008                __dso_handle
 .rodata.str1.1
                0x0000000000402010       0xc9 BUILD/client.o

.rodata1
 *(.rodata1)

.eh_frame_hdr   0x00000000004020dc       0x2c
 *(.eh_frame_hdr)
 .eh_frame_hdr  0x00000000004020dc       0x2c /usr/bin/../lib/gcc/x86_64-redhat-linux/14/../../../../lib64/crt1.o
                0x00000000004020dc                __GNU_EH_FRAME_HDR
 *(.eh_frame_entry .eh_frame_entry.*)

.eh_frame       0x0000000000402108       0x8c
 *(.eh_frame)
 .eh_frame      0x0000000000402108       0x40 /usr/bin/../lib/gcc/x86_64-redhat-linux/14/../../../../lib64/crt1.o
                                         0x5c (size before relaxing)
 *fill*         0x0000000000402148        0x0 
 .eh_frame      0x0000000000402148       0x28 /usr/bin/../lib/gcc/x86_64-redhat-linux/14/../../../../lib64/crt1.o
                                         0x40 (size before relaxing)
 .eh_frame      0x0000000000402170        0x0 /usr/bin/../lib/gcc/x86_64-redhat-linux/14/../../../../lib64/crt1.o
 .eh_frame      0x0000000000402170       0x20 BUILD/client.o
                                         0x38 (size before relaxing)
 .eh_frame      0x0000000000402190        0x4 /usr/bin/../lib/gcc/x86_64-redhat-linux/14/crtend.o
 *(.eh_frame.*)

.sframe         0x0000000000402194        0x0
 *(.sframe)
 .sframe        0x0000000000402194        0x0 /usr/bin/../lib/gcc/x86_64-redhat-linux/14/../../../../lib64/crt1.o
 *(.sframe.*)

.gcc_except_table
 *(.gcc_except_table .gcc_except_table.*)

.gnu_extab
 *(.gnu_extab*)

.exception_ranges
 *(.exception_ranges*)
                0x0000000000403df8                . = DATA_SEGMENT_ALIGN (CONSTANT (MAXPAGESIZE), CONSTANT (COMMONPAGESIZE))

.eh_frame
 *(.eh_frame)
 *(.eh_frame.*)

.sframe
 *(.sframe)
 *(.sframe.*)

.gnu_extab
 *(.gnu_extab)

.gcc_except_table
 *(.gcc_except_table .gcc_except_table.*)

.exception_ranges
 *(.exception_ranges*)

.tdata          0x0000000000403df8        0x0
                [!provide]                        PROVIDE (__tdata_start = .)
 *(.tdata .tdata.* .gnu.linkonce.td.*)

.tbss
 *(.tbss .tbss.* .gnu.linkonce.tb.*)
 *(.tcommon)

.preinit_array  0x0000000000403df8        0x0
                [!provide]                        PROVIDE (__preinit_array_start = .)
 *(.preinit_array)
                [!provide]                        PROVIDE (__preinit_array_end = .)

.init_array     0x0000000000403df8        0x8
                [!provide]                        PROVIDE (__init_array_start = .)
 *(SORT_BY_INIT_PRIORITY(.init_array.*) SORT_BY_INIT_PRIORITY(.ctors.*))
 *(.init_array EXCLUDE_FILE(*crtend?.o *crtend.o *crtbegin?.o *crtbegin.o) .ctors)
 .init_array    0x0000000000403df8        0x8 /usr/bin/../lib/gcc/x86_64-redhat-linux/14/crtbegin.o
                [!provide]                        PROVIDE (__init_array_end = .)

.fini_array     0x0000000000403e00        0x8
                [!provide]                        PROVIDE (__fini_array_start = .)
 *(SORT_BY_INIT_PRIORITY(.fini_array.*) SORT_BY_INIT_PRIORITY(.dtors.*))
 *(.fini_array EXCLUDE_FILE(*crtend?.o *crtend.o *crtbegin?.o *crtbegin.o) .dtors)
 .fini_array    0x0000000000403e00        0x8 /usr/bin/../lib/gcc/x86_64-redhat-linux/14/crtbegin.o
                [!provide]                        PROVIDE (__fini_array_end = .)

.ctors
 *crtbegin.o(.ctors)
 *crtbegin?.o(.ctors)
 *(EXCLUDE_FILE(*crtend?.o *crtend.o) .ctors)
 *(SORT_BY_NAME(.ctors.*))
 *(.ctors)

.dtors
 *crtbegin.o(.dtors)
 *crtbegin?.o(.dtors)
 *(EXCLUDE_FILE(*crtend?.o *crtend.o) .dtors)
 *(SORT_BY_NAME(.dtors.*))
 *(.dtors)

.jcr
 *(.jcr)

.data.rel.ro    0x0000000000403e08        0x0
 *(.data.rel.ro.local* .gnu.linkonce.d.rel.ro.local.*)
 *(.data.rel.ro .data.rel.ro.* .gnu.linkonce.d.rel.ro.*)
 .data.rel.ro   0x0000000000403e08        0x0 /usr/bin/../lib/gcc/x86_64-redhat-linux/14/../../../../lib64/crt1.o

.dynamic        0x0000000000403e08      0x1d0
 *(.dynamic)
 .dynamic       0x0000000000403e08      0x1d0 /usr/bin/../lib/gcc/x86_64-redhat-linux/14/../../../../lib64/crt1.o
                0x0000000000403e08                _DYNAMIC

.got            0x0000000000403fd8       0x10
 *(.got)
 .got           0x0000000000403fd8       0x10 /usr/bin/../lib/gcc/x86_64-redhat-linux/14/../../../../lib64/crt1.o
 *(.igot)
                0x0000000000403fe8                . = DATA_SEGMENT_RELRO_END (., (SIZEOF (.got.plt) >= 0x18)?0x18:0x0)

.got.plt        0x0000000000403fe8       0x68
 *(.got.plt)
 .got.plt       0x0000000000403fe8       0x68 /usr/bin/../lib/gcc/x86_64-redhat-linux/14/../../../../lib64/crt1.o
                0x0000000000403fe8                _GLOBAL_OFFSET_TABLE_
 *(.igot.plt)
 .igot.plt      0x0000000000404050        0x0 /usr/bin/../lib/gcc/x86_64-redhat-linux/14/../../../../lib64/crt1.o

.data           0x0000000000404050        0x4
 *(.data .data.* .gnu.linkonce.d.*)
 .data          0x0000000000404050        0x4 /usr/bin/../lib/gcc/x86_64-redhat-linux/14/../../../../lib64/crt1.o
                0x0000000000404050                data_start
                0x0000000000404050                __data_start
 .data          0x0000000000404054        0x0 /usr/bin/../lib/gcc/x86_64-redhat-linux/14/../../../../lib64/crti.o
 .data          0x0000000000404054        0x0 /usr/bin/../lib/gcc/x86_64-redhat-linux/14/crtbegin.o
 .data          0x0000000000404054        0x0 /usr/bin/../lib/gcc/x86_64-redhat-linux/14/crtend.o
 .data          0x0000000000404054        0x0 /usr/bin/../lib/gcc/x86_64-redhat-linux/14/../../../../lib64/crtn.o

.tm_clone_table
                0x0000000000404058        0x0
 .tm_clone_table
                0x0000000000404058        0x0 /usr/bin/../lib/gcc/x86_64-redhat-linux/14/crtbegin.o
 .tm_clone_table
                0x0000000000404058        0x0 /usr/bin/../lib/gcc/x86_64-redhat-linux/14/crtend.o

.data1
 *(.data1)
                0x0000000000404054                _edata = .
                [!provide]                        PROVIDE (edata = .)
                0x0000000000404058                . = .
                0x0000000000404054                __bss_start = .

.bss            0x0000000000404054        0x4
 *(.dynbss)
 .dynbss        0x0000000000404054        0x0 /usr/bin/../lib/gcc/x86_64-redhat-linux/14/../../../../lib64/crt1.o
 *(.bss .bss.* .gnu.linkonce.b.*)
 .bss           0x0000000000404054        0x0 /usr/bin/../lib/gcc/x86_64-redhat-linux/14/../../../../lib64/crt1.o
 .bss           0x0000000000404054        0x0 /usr/bin/../lib/gcc/x86_64-redhat-linux/14/../../../../lib64/crti.o
 .bss           0x0000000000404054        0x1 /usr/bin/../lib/gcc/x86_64-redhat-linux/14/crtbegin.o
 .bss           0x0000000000404055        0x0 /usr/bin/../lib/gcc/x86_64-redhat-linux/14/crtend.o
 .bss           0x0000000000404055        0x0 /usr/bin/../lib/gcc/x86_64-redhat-linux/14/../../../../lib64/crtn.o
 *(COMMON)
                0x0000000000404058                . = ALIGN ((. != 0x0)?0x8:0x1)
 *fill*         0x0000000000404055        0x3 

.lbss
 *(.dynlbss)
 *(.lbss .lbss.* .gnu.linkonce.lb.*)
 *(LARGE_COMMON)
                0x0000000000404058                . = ALIGN (0x8)
                0x0000000000404058                . = SEGMENT_START ("ldata-segment", .)

.lrodata
 *(.lrodata .lrodata.* .gnu.linkonce.lr.*)

.ldata          0x0000000000406058        0x0
 *(.ldata .ldata.* .gnu.linkonce.l.*)
                0x0000000000406058                . = ALIGN ((. != 0x0)?0x8:0x1)
                0x0000000000406058                . = ALIGN (0x8)
                0x0000000000404058                _end = .
                [!provide]                        PROVIDE (end = .)
                0x0000000000406058                . = DATA_SEGMENT_END (.)

.stab
 *(.stab)

.stabstr
 *(.stabstr)

.stab.excl
 *(.stab.excl)

.stab.exclstr
 *(.stab.exclstr)

.stab.index
 *(.stab.index)

.stab.indexstr
 *(.stab.indexstr)

.comment        0x0000000000000000       0x88
 *(.comment)
 .comment       0x0000000000000000       0x88 /usr/bin/../lib/gcc/x86_64-redhat-linux/14/../../../../lib64/crt1.o
                                         0x8d (size before relaxing)
 .comment       0x0000000000000088       0x2f /usr/bin/../lib/gcc/x86_64-redhat-linux/14/crtbegin.o
 .comment       0x0000000000000088       0x2d BUILD/client.o
 .comment       0x0000000000000088       0x2f /usr/bin/../lib/gcc/x86_64-redhat-linux/14/crtend.o

.annobin.notes  0x0000000000000000      0x14f
 .annobin.notes
                0x0000000000000000      0x14f /usr/bin/../lib/gcc/x86_64-redhat-linux/14/../../../../lib64/crt1.o
                                        0x216 (size before relaxing)

.gnu.build.attributes
                0x0000000000406058      0x144
 *(.gnu.build.attributes .gnu.build.attributes.*)
 .gnu.build.attributes
                0x0000000000406058       0x24 /usr/bin/../lib/gcc/x86_64-redhat-linux/14/../../../../lib64/crt1.o
 .gnu.build.attributes
                0x000000000040607c       0x6c /usr/bin/../lib/gcc/x86_64-redhat-linux/14/../../../../lib64/crti.o
 .gnu.build.attributes
                0x00000000004060e8       0x24 /usr/bin/../lib/gcc/x86_64-redhat-linux/14/crtbegin.o
 .gnu.build.attributes
                0x000000000040610c       0x24 /usr/bin/../lib/gcc/x86_64-redhat-linux/14/crtend.o
 .gnu.build.attributes
                0x0000000000406130       0x6c /usr/bin/../lib/gcc/x86_64-redhat-linux/14/../../../../lib64/crtn.o

.debug
 *(.debug)

.line
 *(.line)

.debug_srcinfo
 *(.debug_srcinfo)

.debug_sfnames
 *(.debug_sfnames)

.debug_aranges
 *(.debug_aranges)

.debug_pubnames
 *(.debug_pubnames)

.debug_info     0x0000000000000000      0x2e1
 *(.debug_info .gnu.linkonce.wi.*)
 .debug_info    0x0000000000000000      0x2e1 BUILD/client.o

.debug_abbrev   0x0000000000000000       0xe5
 *(.debug_abbrev)
 .debug_abbrev  0x0000000000000000       0xe5 BUILD/client.o

.debug_line     0x0000000000000000      0x19e
 *(.debug_line .debug_line.* .debug_line_end)
 .debug_line    0x0000000000000000      0x19e BUILD/client.o

.debug_frame
 *(.debug_frame)

.debug_str      0x0000000000000000      0x355
 *(.debug_str)
 .debug_str     0x0000000000000000      0x355 BUILD/client.o
                                        0x37d (size before relaxing)

.debug_loc
 *(.debug_loc)

.debug_macinfo
 *(.debug_macinfo)

.debug_weaknames
 *(.debug_weaknames)

.debug_funcnames
 *(.debug_funcnames)

.debug_typenames
 *(.debug_typenames)

.debug_varnames
 *(.debug_varnames)

.debug_pubtypes
 *(.debug_pubtypes)

.debug_ranges
 *(.debug_ranges)

.debug_addr     0x0000000000000000       0x68
 *(.debug_addr)
 .debug_addr    0x0000000000000000       0x68 BUILD/client.o

.debug_line_str
                0x0000000000000000       0xb3
 *(.debug_line_str)
 .debug_line_str
                0x0000000000000000       0xb3 BUILD/client.o

.debug_loclists
 *(.debug_loclists)

.debug_macro
 *(.debug_macro)

.debug_names
 *(.debug_names)

.debug_rnglists
 *(.debug_rnglists)

.debug_str_offsets
                0x0000000000000000      0x130
 *(.debug_str_offsets)
 .debug_str_offsets
                0x0000000000000000      0x130 BUILD/client.o

.debug_sup
 *(.debug_sup)

.gnu.attributes
 *(.gnu.attributes)

/DISCARD/
 *(.note.GNU-stack)
 *(.gnu_debuglink)
 *(.gnu.lto_*)
OUTPUT(BUILD/client elf64-x86-64)
